19:25:29 **** Rebuild of configuration Debug for project nucleo-32_F303-master ****
Info: Internal Builder is used for build
arm-atollic-eabi-gcc -c ..\.metadata\.plugins\org.eclipse.cdt.make.core\specs.c -mthumb -mcpu=cortex-m4 -mfloat-abi=hard -mfpu=fpv4-sp-d16 -std=gnu11 -DSTM32F303x8 -DUSE_HSI -IC:\Users\cyril\Documents\GitHub\stm32f303_template_FreeRTOS\nucleo-32_F303-master\app\inc -IC:\Users\cyril\Documents\GitHub\stm32f303_template_FreeRTOS\nucleo-32_F303-master\FreeRTOS\Source\include -IC:\Users\cyril\Documents\GitHub\stm32f303_template_FreeRTOS\nucleo-32_F303-master\FreeRTOS\Source\portable\GCC\ARM_CM4F -IC:\Users\cyril\Documents\GitHub\stm32f303_template_FreeRTOS\nucleo-32_F303-master\bsp\inc -IC:\Users\cyril\Documents\GitHub\stm32f303_template_FreeRTOS\nucleo-32_F303-master\cmsis\core -IC:\Users\cyril\Documents\GitHub\stm32f303_template_FreeRTOS\nucleo-32_F303-master\cmsis\device\inc -O0 -g -fstack-usage -Wall -specs=nano.specs -o .metadata\.plugins\org.eclipse.cdt.make.core\specs.o 
arm-atollic-eabi-gcc -c ..\FreeRTOS\Source\queue.c -mthumb -mcpu=cortex-m4 -mfloat-abi=hard -mfpu=fpv4-sp-d16 -std=gnu11 -DSTM32F303x8 -DUSE_HSI -IC:\Users\cyril\Documents\GitHub\stm32f303_template_FreeRTOS\nucleo-32_F303-master\app\inc -IC:\Users\cyril\Documents\GitHub\stm32f303_template_FreeRTOS\nucleo-32_F303-master\FreeRTOS\Source\include -IC:\Users\cyril\Documents\GitHub\stm32f303_template_FreeRTOS\nucleo-32_F303-master\FreeRTOS\Source\portable\GCC\ARM_CM4F -IC:\Users\cyril\Documents\GitHub\stm32f303_template_FreeRTOS\nucleo-32_F303-master\bsp\inc -IC:\Users\cyril\Documents\GitHub\stm32f303_template_FreeRTOS\nucleo-32_F303-master\cmsis\core -IC:\Users\cyril\Documents\GitHub\stm32f303_template_FreeRTOS\nucleo-32_F303-master\cmsis\device\inc -O0 -g -fstack-usage -Wall -specs=nano.specs -o FreeRTOS\Source\queue.o 
arm-atollic-eabi-gcc -c ..\FreeRTOS\Source\timers.c -mthumb -mcpu=cortex-m4 -mfloat-abi=hard -mfpu=fpv4-sp-d16 -std=gnu11 -DSTM32F303x8 -DUSE_HSI -IC:\Users\cyril\Documents\GitHub\stm32f303_template_FreeRTOS\nucleo-32_F303-master\app\inc -IC:\Users\cyril\Documents\GitHub\stm32f303_template_FreeRTOS\nucleo-32_F303-master\FreeRTOS\Source\include -IC:\Users\cyril\Documents\GitHub\stm32f303_template_FreeRTOS\nucleo-32_F303-master\FreeRTOS\Source\portable\GCC\ARM_CM4F -IC:\Users\cyril\Documents\GitHub\stm32f303_template_FreeRTOS\nucleo-32_F303-master\bsp\inc -IC:\Users\cyril\Documents\GitHub\stm32f303_template_FreeRTOS\nucleo-32_F303-master\cmsis\core -IC:\Users\cyril\Documents\GitHub\stm32f303_template_FreeRTOS\nucleo-32_F303-master\cmsis\device\inc -O0 -g -fstack-usage -Wall -specs=nano.specs -o FreeRTOS\Source\timers.o 
arm-atollic-eabi-gcc -c -mthumb -mcpu=cortex-m4 -mfloat-abi=hard -mfpu=fpv4-sp-d16 -g -Wa,--warn -x assembler-with-cpp -specs=nano.specs -o cmsis\device\src\startup_stm32f303x8.o ..\cmsis\device\src\startup_stm32f303x8.s 
arm-atollic-eabi-gcc -c ..\bsp\src\delay.c -mthumb -mcpu=cortex-m4 -mfloat-abi=hard -mfpu=fpv4-sp-d16 -std=gnu11 -DSTM32F303x8 -DUSE_HSI -IC:\Users\cyril\Documents\GitHub\stm32f303_template_FreeRTOS\nucleo-32_F303-master\app\inc -IC:\Users\cyril\Documents\GitHub\stm32f303_template_FreeRTOS\nucleo-32_F303-master\FreeRTOS\Source\include -IC:\Users\cyril\Documents\GitHub\stm32f303_template_FreeRTOS\nucleo-32_F303-master\FreeRTOS\Source\portable\GCC\ARM_CM4F -IC:\Users\cyril\Documents\GitHub\stm32f303_template_FreeRTOS\nucleo-32_F303-master\bsp\inc -IC:\Users\cyril\Documents\GitHub\stm32f303_template_FreeRTOS\nucleo-32_F303-master\cmsis\core -IC:\Users\cyril\Documents\GitHub\stm32f303_template_FreeRTOS\nucleo-32_F303-master\cmsis\device\inc -O0 -g -fstack-usage -Wall -specs=nano.specs -o bsp\src\delay.o 
arm-atollic-eabi-gcc -c ..\bsp\src\spi.c -mthumb -mcpu=cortex-m4 -mfloat-abi=hard -mfpu=fpv4-sp-d16 -std=gnu11 -DSTM32F303x8 -DUSE_HSI -IC:\Users\cyril\Documents\GitHub\stm32f303_template_FreeRTOS\nucleo-32_F303-master\app\inc -IC:\Users\cyril\Documents\GitHub\stm32f303_template_FreeRTOS\nucleo-32_F303-master\FreeRTOS\Source\include -IC:\Users\cyril\Documents\GitHub\stm32f303_template_FreeRTOS\nucleo-32_F303-master\FreeRTOS\Source\portable\GCC\ARM_CM4F -IC:\Users\cyril\Documents\GitHub\stm32f303_template_FreeRTOS\nucleo-32_F303-master\bsp\inc -IC:\Users\cyril\Documents\GitHub\stm32f303_template_FreeRTOS\nucleo-32_F303-master\cmsis\core -IC:\Users\cyril\Documents\GitHub\stm32f303_template_FreeRTOS\nucleo-32_F303-master\cmsis\device\inc -O0 -g -fstack-usage -Wall -specs=nano.specs -o bsp\src\spi.o 
arm-atollic-eabi-gcc -c ..\FreeRTOS\Source\list.c -mthumb -mcpu=cortex-m4 -mfloat-abi=hard -mfpu=fpv4-sp-d16 -std=gnu11 -DSTM32F303x8 -DUSE_HSI -IC:\Users\cyril\Documents\GitHub\stm32f303_template_FreeRTOS\nucleo-32_F303-master\app\inc -IC:\Users\cyril\Documents\GitHub\stm32f303_template_FreeRTOS\nucleo-32_F303-master\FreeRTOS\Source\include -IC:\Users\cyril\Documents\GitHub\stm32f303_template_FreeRTOS\nucleo-32_F303-master\FreeRTOS\Source\portable\GCC\ARM_CM4F -IC:\Users\cyril\Documents\GitHub\stm32f303_template_FreeRTOS\nucleo-32_F303-master\bsp\inc -IC:\Users\cyril\Documents\GitHub\stm32f303_template_FreeRTOS\nucleo-32_F303-master\cmsis\core -IC:\Users\cyril\Documents\GitHub\stm32f303_template_FreeRTOS\nucleo-32_F303-master\cmsis\device\inc -O0 -g -fstack-usage -Wall -specs=nano.specs -o FreeRTOS\Source\list.o 
arm-atollic-eabi-gcc -c ..\cmsis\device\src\system_stm32f3xx.c -mthumb -mcpu=cortex-m4 -mfloat-abi=hard -mfpu=fpv4-sp-d16 -std=gnu11 -DSTM32F303x8 -DUSE_HSI -IC:\Users\cyril\Documents\GitHub\stm32f303_template_FreeRTOS\nucleo-32_F303-master\app\inc -IC:\Users\cyril\Documents\GitHub\stm32f303_template_FreeRTOS\nucleo-32_F303-master\FreeRTOS\Source\include -IC:\Users\cyril\Documents\GitHub\stm32f303_template_FreeRTOS\nucleo-32_F303-master\FreeRTOS\Source\portable\GCC\ARM_CM4F -IC:\Users\cyril\Documents\GitHub\stm32f303_template_FreeRTOS\nucleo-32_F303-master\bsp\inc -IC:\Users\cyril\Documents\GitHub\stm32f303_template_FreeRTOS\nucleo-32_F303-master\cmsis\core -IC:\Users\cyril\Documents\GitHub\stm32f303_template_FreeRTOS\nucleo-32_F303-master\cmsis\device\inc -O0 -g -fstack-usage -Wall -specs=nano.specs -o cmsis\device\src\system_stm32f3xx.o 
arm-atollic-eabi-gcc -c ..\FreeRTOS\Source\event_groups.c -mthumb -mcpu=cortex-m4 -mfloat-abi=hard -mfpu=fpv4-sp-d16 -std=gnu11 -DSTM32F303x8 -DUSE_HSI -IC:\Users\cyril\Documents\GitHub\stm32f303_template_FreeRTOS\nucleo-32_F303-master\app\inc -IC:\Users\cyril\Documents\GitHub\stm32f303_template_FreeRTOS\nucleo-32_F303-master\FreeRTOS\Source\include -IC:\Users\cyril\Documents\GitHub\stm32f303_template_FreeRTOS\nucleo-32_F303-master\FreeRTOS\Source\portable\GCC\ARM_CM4F -IC:\Users\cyril\Documents\GitHub\stm32f303_template_FreeRTOS\nucleo-32_F303-master\bsp\inc -IC:\Users\cyril\Documents\GitHub\stm32f303_template_FreeRTOS\nucleo-32_F303-master\cmsis\core -IC:\Users\cyril\Documents\GitHub\stm32f303_template_FreeRTOS\nucleo-32_F303-master\cmsis\device\inc -O0 -g -fstack-usage -Wall -specs=nano.specs -o FreeRTOS\Source\event_groups.o 
arm-atollic-eabi-gcc -c ..\FreeRTOS\Source\portable\GCC\ARM_CM4F\port.c -mthumb -mcpu=cortex-m4 -mfloat-abi=hard -mfpu=fpv4-sp-d16 -std=gnu11 -DSTM32F303x8 -DUSE_HSI -IC:\Users\cyril\Documents\GitHub\stm32f303_template_FreeRTOS\nucleo-32_F303-master\app\inc -IC:\Users\cyril\Documents\GitHub\stm32f303_template_FreeRTOS\nucleo-32_F303-master\FreeRTOS\Source\include -IC:\Users\cyril\Documents\GitHub\stm32f303_template_FreeRTOS\nucleo-32_F303-master\FreeRTOS\Source\portable\GCC\ARM_CM4F -IC:\Users\cyril\Documents\GitHub\stm32f303_template_FreeRTOS\nucleo-32_F303-master\bsp\inc -IC:\Users\cyril\Documents\GitHub\stm32f303_template_FreeRTOS\nucleo-32_F303-master\cmsis\core -IC:\Users\cyril\Documents\GitHub\stm32f303_template_FreeRTOS\nucleo-32_F303-master\cmsis\device\inc -O0 -g -fstack-usage -Wall -specs=nano.specs -o FreeRTOS\Source\portable\GCC\ARM_CM4F\port.o 
arm-atollic-eabi-gcc -c ..\FreeRTOS\Source\croutine.c -mthumb -mcpu=cortex-m4 -mfloat-abi=hard -mfpu=fpv4-sp-d16 -std=gnu11 -DSTM32F303x8 -DUSE_HSI -IC:\Users\cyril\Documents\GitHub\stm32f303_template_FreeRTOS\nucleo-32_F303-master\app\inc -IC:\Users\cyril\Documents\GitHub\stm32f303_template_FreeRTOS\nucleo-32_F303-master\FreeRTOS\Source\include -IC:\Users\cyril\Documents\GitHub\stm32f303_template_FreeRTOS\nucleo-32_F303-master\FreeRTOS\Source\portable\GCC\ARM_CM4F -IC:\Users\cyril\Documents\GitHub\stm32f303_template_FreeRTOS\nucleo-32_F303-master\bsp\inc -IC:\Users\cyril\Documents\GitHub\stm32f303_template_FreeRTOS\nucleo-32_F303-master\cmsis\core -IC:\Users\cyril\Documents\GitHub\stm32f303_template_FreeRTOS\nucleo-32_F303-master\cmsis\device\inc -O0 -g -fstack-usage -Wall -specs=nano.specs -o FreeRTOS\Source\croutine.o 
arm-atollic-eabi-gcc -c ..\bsp\src\bsp.c -mthumb -mcpu=cortex-m4 -mfloat-abi=hard -mfpu=fpv4-sp-d16 -std=gnu11 -DSTM32F303x8 -DUSE_HSI -IC:\Users\cyril\Documents\GitHub\stm32f303_template_FreeRTOS\nucleo-32_F303-master\app\inc -IC:\Users\cyril\Documents\GitHub\stm32f303_template_FreeRTOS\nucleo-32_F303-master\FreeRTOS\Source\include -IC:\Users\cyril\Documents\GitHub\stm32f303_template_FreeRTOS\nucleo-32_F303-master\FreeRTOS\Source\portable\GCC\ARM_CM4F -IC:\Users\cyril\Documents\GitHub\stm32f303_template_FreeRTOS\nucleo-32_F303-master\bsp\inc -IC:\Users\cyril\Documents\GitHub\stm32f303_template_FreeRTOS\nucleo-32_F303-master\cmsis\core -IC:\Users\cyril\Documents\GitHub\stm32f303_template_FreeRTOS\nucleo-32_F303-master\cmsis\device\inc -O0 -g -fstack-usage -Wall -specs=nano.specs -o bsp\src\bsp.o 
arm-atollic-eabi-gcc -c ..\FreeRTOS\Source\stream_buffer.c -mthumb -mcpu=cortex-m4 -mfloat-abi=hard -mfpu=fpv4-sp-d16 -std=gnu11 -DSTM32F303x8 -DUSE_HSI -IC:\Users\cyril\Documents\GitHub\stm32f303_template_FreeRTOS\nucleo-32_F303-master\app\inc -IC:\Users\cyril\Documents\GitHub\stm32f303_template_FreeRTOS\nucleo-32_F303-master\FreeRTOS\Source\include -IC:\Users\cyril\Documents\GitHub\stm32f303_template_FreeRTOS\nucleo-32_F303-master\FreeRTOS\Source\portable\GCC\ARM_CM4F -IC:\Users\cyril\Documents\GitHub\stm32f303_template_FreeRTOS\nucleo-32_F303-master\bsp\inc -IC:\Users\cyril\Documents\GitHub\stm32f303_template_FreeRTOS\nucleo-32_F303-master\cmsis\core -IC:\Users\cyril\Documents\GitHub\stm32f303_template_FreeRTOS\nucleo-32_F303-master\cmsis\device\inc -O0 -g -fstack-usage -Wall -specs=nano.specs -o FreeRTOS\Source\stream_buffer.o 
arm-atollic-eabi-gcc -c ..\FreeRTOS\Source\tasks.c -mthumb -mcpu=cortex-m4 -mfloat-abi=hard -mfpu=fpv4-sp-d16 -std=gnu11 -DSTM32F303x8 -DUSE_HSI -IC:\Users\cyril\Documents\GitHub\stm32f303_template_FreeRTOS\nucleo-32_F303-master\app\inc -IC:\Users\cyril\Documents\GitHub\stm32f303_template_FreeRTOS\nucleo-32_F303-master\FreeRTOS\Source\include -IC:\Users\cyril\Documents\GitHub\stm32f303_template_FreeRTOS\nucleo-32_F303-master\FreeRTOS\Source\portable\GCC\ARM_CM4F -IC:\Users\cyril\Documents\GitHub\stm32f303_template_FreeRTOS\nucleo-32_F303-master\bsp\inc -IC:\Users\cyril\Documents\GitHub\stm32f303_template_FreeRTOS\nucleo-32_F303-master\cmsis\core -IC:\Users\cyril\Documents\GitHub\stm32f303_template_FreeRTOS\nucleo-32_F303-master\cmsis\device\inc -O0 -g -fstack-usage -Wall -specs=nano.specs -o FreeRTOS\Source\tasks.o 
arm-atollic-eabi-gcc -c ..\app\src\main.c -mthumb -mcpu=cortex-m4 -mfloat-abi=hard -mfpu=fpv4-sp-d16 -std=gnu11 -DSTM32F303x8 -DUSE_HSI -IC:\Users\cyril\Documents\GitHub\stm32f303_template_FreeRTOS\nucleo-32_F303-master\app\inc -IC:\Users\cyril\Documents\GitHub\stm32f303_template_FreeRTOS\nucleo-32_F303-master\FreeRTOS\Source\include -IC:\Users\cyril\Documents\GitHub\stm32f303_template_FreeRTOS\nucleo-32_F303-master\FreeRTOS\Source\portable\GCC\ARM_CM4F -IC:\Users\cyril\Documents\GitHub\stm32f303_template_FreeRTOS\nucleo-32_F303-master\bsp\inc -IC:\Users\cyril\Documents\GitHub\stm32f303_template_FreeRTOS\nucleo-32_F303-master\cmsis\core -IC:\Users\cyril\Documents\GitHub\stm32f303_template_FreeRTOS\nucleo-32_F303-master\cmsis\device\inc -O0 -g -fstack-usage -Wall -specs=nano.specs -o app\src\main.o 
..\app\src\main.c: In function 'main':
..\app\src\main.c:40:2: warning: implicit declaration of function 'BSP_SERVO_INIT' [-Wimplicit-function-declaration]
  BSP_SERVO_INIT();
  ^~~~~~~~~~~~~~
..\app\src\main.c: In function 'DECODE_UART_DATA':
..\app\src\main.c:76:21: warning: pointer targets in passing argument 1 of 'sscanf' differ in signedness [-Wpointer-sign]
       etat = sscanf(&rx_dma_buffer[2],"%d,%d,%d",&id_tag,&x_tag,&y_tag);
                     ^
In file included from c:\program files (x86)\atollic\truestudio for stm32 9.3.0\armtools\arm-atollic-eabi\include\sys\reent.h:13:0,
                 from c:\program files (x86)\atollic\truestudio for stm32 9.3.0\armtools\arm-atollic-eabi\include\math.h:5,
                 from C:\Users\cyril\Documents\GitHub\stm32f303_template_FreeRTOS\nucleo-32_F303-master\app\inc/main.h:7,
                 from ..\app\src\main.c:1:
c:\program files (x86)\atollic\truestudio for stm32 9.3.0\armtools\arm-atollic-eabi\include\stdio.h:204:5: note: expected 'const char * restrict' but argument is of type 'uint8_t * {aka unsigned char *}'
 int _EXFUN(sscanf, (const char *__restrict, const char *__restrict, ...)
     ^
arm-atollic-eabi-gcc -c ..\app\src\printf-stdarg.c -mthumb -mcpu=cortex-m4 -mfloat-abi=hard -mfpu=fpv4-sp-d16 -std=gnu11 -DSTM32F303x8 -DUSE_HSI -IC:\Users\cyril\Documents\GitHub\stm32f303_template_FreeRTOS\nucleo-32_F303-master\app\inc -IC:\Users\cyril\Documents\GitHub\stm32f303_template_FreeRTOS\nucleo-32_F303-master\FreeRTOS\Source\include -IC:\Users\cyril\Documents\GitHub\stm32f303_template_FreeRTOS\nucleo-32_F303-master\FreeRTOS\Source\portable\GCC\ARM_CM4F -IC:\Users\cyril\Documents\GitHub\stm32f303_template_FreeRTOS\nucleo-32_F303-master\bsp\inc -IC:\Users\cyril\Documents\GitHub\stm32f303_template_FreeRTOS\nucleo-32_F303-master\cmsis\core -IC:\Users\cyril\Documents\GitHub\stm32f303_template_FreeRTOS\nucleo-32_F303-master\cmsis\device\inc -O0 -g -fstack-usage -Wall -specs=nano.specs -o app\src\printf-stdarg.o 
arm-atollic-eabi-gcc -c ..\FreeRTOS\Source\portable\MemMang\heap_1.c -mthumb -mcpu=cortex-m4 -mfloat-abi=hard -mfpu=fpv4-sp-d16 -std=gnu11 -DSTM32F303x8 -DUSE_HSI -IC:\Users\cyril\Documents\GitHub\stm32f303_template_FreeRTOS\nucleo-32_F303-master\app\inc -IC:\Users\cyril\Documents\GitHub\stm32f303_template_FreeRTOS\nucleo-32_F303-master\FreeRTOS\Source\include -IC:\Users\cyril\Documents\GitHub\stm32f303_template_FreeRTOS\nucleo-32_F303-master\FreeRTOS\Source\portable\GCC\ARM_CM4F -IC:\Users\cyril\Documents\GitHub\stm32f303_template_FreeRTOS\nucleo-32_F303-master\bsp\inc -IC:\Users\cyril\Documents\GitHub\stm32f303_template_FreeRTOS\nucleo-32_F303-master\cmsis\core -IC:\Users\cyril\Documents\GitHub\stm32f303_template_FreeRTOS\nucleo-32_F303-master\cmsis\device\inc -O0 -g -fstack-usage -Wall -specs=nano.specs -o FreeRTOS\Source\portable\MemMang\heap_1.o 
arm-atollic-eabi-gcc -c ..\app\src\stm32f3xx_it.c -mthumb -mcpu=cortex-m4 -mfloat-abi=hard -mfpu=fpv4-sp-d16 -std=gnu11 -DSTM32F303x8 -DUSE_HSI -IC:\Users\cyril\Documents\GitHub\stm32f303_template_FreeRTOS\nucleo-32_F303-master\app\inc -IC:\Users\cyril\Documents\GitHub\stm32f303_template_FreeRTOS\nucleo-32_F303-master\FreeRTOS\Source\include -IC:\Users\cyril\Documents\GitHub\stm32f303_template_FreeRTOS\nucleo-32_F303-master\FreeRTOS\Source\portable\GCC\ARM_CM4F -IC:\Users\cyril\Documents\GitHub\stm32f303_template_FreeRTOS\nucleo-32_F303-master\bsp\inc -IC:\Users\cyril\Documents\GitHub\stm32f303_template_FreeRTOS\nucleo-32_F303-master\cmsis\core -IC:\Users\cyril\Documents\GitHub\stm32f303_template_FreeRTOS\nucleo-32_F303-master\cmsis\device\inc -O0 -g -fstack-usage -Wall -specs=nano.specs -o app\src\stm32f3xx_it.o 
arm-atollic-eabi-gcc -c ..\bsp\src\mpu9250.c -mthumb -mcpu=cortex-m4 -mfloat-abi=hard -mfpu=fpv4-sp-d16 -std=gnu11 -DSTM32F303x8 -DUSE_HSI -IC:\Users\cyril\Documents\GitHub\stm32f303_template_FreeRTOS\nucleo-32_F303-master\app\inc -IC:\Users\cyril\Documents\GitHub\stm32f303_template_FreeRTOS\nucleo-32_F303-master\FreeRTOS\Source\include -IC:\Users\cyril\Documents\GitHub\stm32f303_template_FreeRTOS\nucleo-32_F303-master\FreeRTOS\Source\portable\GCC\ARM_CM4F -IC:\Users\cyril\Documents\GitHub\stm32f303_template_FreeRTOS\nucleo-32_F303-master\bsp\inc -IC:\Users\cyril\Documents\GitHub\stm32f303_template_FreeRTOS\nucleo-32_F303-master\cmsis\core -IC:\Users\cyril\Documents\GitHub\stm32f303_template_FreeRTOS\nucleo-32_F303-master\cmsis\device\inc -O0 -g -fstack-usage -Wall -specs=nano.specs -o bsp\src\mpu9250.o 
arm-atollic-eabi-gcc -o nucleo-32_F303-master.elf .metadata\.plugins\org.eclipse.cdt.make.core\specs.o FreeRTOS\Source\croutine.o FreeRTOS\Source\event_groups.o FreeRTOS\Source\list.o FreeRTOS\Source\portable\GCC\ARM_CM4F\port.o FreeRTOS\Source\portable\MemMang\heap_1.o FreeRTOS\Source\queue.o FreeRTOS\Source\stream_buffer.o FreeRTOS\Source\tasks.o FreeRTOS\Source\timers.o app\src\main.o app\src\printf-stdarg.o app\src\stm32f3xx_it.o bsp\src\bsp.o bsp\src\delay.o bsp\src\mpu9250.o bsp\src\spi.o cmsis\device\src\startup_stm32f303x8.o cmsis\device\src\system_stm32f3xx.o -mthumb -mcpu=cortex-m4 -mfloat-abi=hard -mfpu=fpv4-sp-d16 -TC:\Users\cyril\Documents\GitHub\stm32f303_template_FreeRTOS\nucleo-32_F303-master\STM32F303K8Tx_FLASH.ld -specs=nosys.specs -static -Wl,-cref,-u,Reset_Handler -Wl,-Map=nucleo-32_F303-master.map -Wl,--defsym=malloc_getpagesize_P=0x80 -Wl,--start-group -lc -lm -Wl,--end-group -specs=nano.specs 
C:\Program Files (x86)\Atollic\TrueSTUDIO for STM32 9.3.0\ide\jre\bin\java -jar C:\Program Files (x86)\Atollic\TrueSTUDIO for STM32 9.3.0\Tools\arm-atollic-reports.jar sizeinfo list nucleo-32_F303-master.elf 
Generate build reports...
Print size information
   text	   data	    bss	    dec	    hex	filename
  41448	    484	   8236	  50168	   c3f8	nucleo-32_F303-master.elf
Print size information done
Generate listing file
Output sent to: nucleo-32_F303-master.list
Generate listing file done
Generate build reports done
